// Jest Snapshot v1, https://goo.gl/fbAQLP

exports[`<TopNav  /> should match snapshot 1`] = `
<header
  class="MuiPaper-root MuiAppBar-root MuiAppBar-positionStatic MuiAppBar-colorPrimary MuiPaper-elevation4"
>
  <div
    class="MuiToolbar-root MuiToolbar-regular MuiToolbar-gutters"
  >
    <h1
      class="MuiTypography-root MuiTypography-h6"
      data-testid="site-title"
    >
      Bona
    </h1>
  </div>
</header>
`;
