// Jest Snapshot v1, https://goo.gl/fbAQLP

exports[`<FormWizardPageBody  /> should match snapshot 1`] = `
<div
  class="MuiBox-root MuiBox-root-1"
>
  <p
    class="MuiTypography-root MuiTypography-body1"
  >
    Hello World!
  </p>
</div>
`;
