// Jest Snapshot v1, https://goo.gl/fbAQLP

exports[`<FormWizardPage  /> should match snapshot 1`] = `
<h1>
  Hello World!
</h1>
`;
