// Jest Snapshot v1, https://goo.gl/fbAQLP

exports[`<FormWizard  /> should match snapshot 1`] = `
<form>
  <div
    class="buttons"
  >
    <button
      data-testid="wizard-next"
      type="submit"
    >
      Next Â»
    </button>
  </div>
</form>
`;
