// Jest Snapshot v1, https://goo.gl/fbAQLP

exports[`<FormWizardPageTitle  /> should match snapshot 1`] = `
<div
  class="MuiBox-root MuiBox-root-3"
>
  <h2
    class="MuiTypography-root makeStyles-root-1 makeStyles-root-2 MuiTypography-h5"
  >
    Hello World!
  </h2>
</div>
`;
